# Minimised SOP (Quine-McCluskey) for FSM: mem_controller_fsm
.i 7
.o 13
.ilb S_0 S_1 S_2 S_3 ld_req_i write_req_i hit_i
.ob  NS_0 NS_1 NS_2 NS_3 mem_ready_o set_ld_tristate_o start_store_o ld_address_changed_o set_WriteBuf_V_o fill0_o fill1_o fill2_o fill3_o
.type f
-00101- 0001000000000
-001101 0001000000000
0-0101- 0010000000000
0-01100 0010000000000
0-01101 0000010000000
0-10--0 0010000000000
0-10--1 0001010000000
000101- 0100000001000
000110- 0100000000000
0001100 0000000100000
0001101 0000100000000
0010--- 0011010000000
01-0--- 0100000000000
010---- 0000010000000
0101--- 0010000000000
0110--1 0000100000000
0111--- 1000000000100
100---- 0001000000000
1000--- 1000000000010
1001--- 0000000010001
.e
