# Minimised SOP (Quine-McCluskey) for FSM: bank_controller_fsm_logic
.i 7
.o 10
.ilb S_0 S_1 S_2 S_3 S_4 ld_address_change_i start_store_i
.ob  NS_0 NS_1 NS_2 NS_3 NS_4 st_addr_release_o OE_o WE_o clear_writebufV_o PreCharged_o
.type f
-0000-- 0000000100
0-----1 0000011000
0---0-1 0000100000
0---01- 0000100000
0--00-- 0000100000
0--010- 0001000000
0--10-1 0001000000
0--100- 0001000000
0-0-0-- 0000100000
0-00--- 0000000100
0-0110- 0010000000
0-1-0-1 0010000000
0-1-00- 0010000000
0-10--1 0010000000
0-10-0- 0010000000
0-111-- 0000011000
00----- 0000000100
00-0--1 0001100000
00-0-1- 0000100000
000---1 0011100000
000--1- 0000100000
0011000 0000000001
00111-- 0100000000
01----- 0000011000
01--0-- 0100100000
01-0--- 0100000000
01-01-- 0001000000
01-10-- 0001000000
010---- 0100000000
01011-- 0010000000
011-0-- 0010000000
0110--- 0010000000
01111-- 1000000000
10000-- 0000001010
.e
